Program
  MainClass A
    Print
      new B().index()
  Class B
    MethodDecl index
      returns int
      int[] a
      int b
      a = new int[1]
      a[0] = 5
      b = a[0]
      Return b