Program
  MainClass A
    Print
      new B().Assign()
  Class B
    MethodDecl Assign
      returns int
      int a
      int b
      int c
      a = 4
      b = 5
      c = (a + b)
      Return c