Syntax error for input symbol "INT" spanning from unknown:2/5(-1) to unknown:2/7(-1)
Couldn't repair and continue parse for input symbol "INT" spanning from unknown:2/5(-1) to unknown:2/7(-1)
