Syntax error for input symbol "RETURN" spanning from unknown:19/9(-1) to unknown:19/14(-1)
Couldn't repair and continue parse for input symbol "RETURN" spanning from unknown:19/9(-1) to unknown:19/14(-1)
