Syntax error for input symbol "INT" spanning from unknown:3/9(-1) to unknown:3/11(-1)
Couldn't repair and continue parse for input symbol "INT" spanning from unknown:3/9(-1) to unknown:3/11(-1)
