Syntax error for input symbol "SEMICOLON" spanning from unknown:3/32(-1) to unknown:3/32(-1)
Couldn't repair and continue parse for input symbol "SEMICOLON" spanning from unknown:3/32(-1) to unknown:3/32(-1)
