(Line 11) Variable x not defined in current scope.
(Line 12) Variable y not defined in current scope.
(Line 12) Variable z not defined in current scope.
(Line 12) Variable b not defined in current scope.