(Line 7) Cycle detected in dependency graph. Check your class extensions.