(Line 27) Incorrect number of parameters.
(Line 28) Incorrect number of parameters.
(Line 29) Incorrect parameter type at position 1.
(Line 30) Incorrect parameter type at position 2.
(Line 31) Incorrect number of parameters.