(Line 32) Overrode methods must have same return type.
(Line 38) Overrode methods must have same number of parameters.
(Line 50) Overrode methods must have same parameter types.
