(Line 20) Overrode methods must have same return type.
(Line 26) Overrode methods must have same number of parameters.
(Line 38) Overrode methods must have same parameter types.
