(Line 32) Cannot assign value of type A to variable of type B.
(Line 37) Incorrect parameter type at position 1.