BOOL ID(b) BECOMES FALSE SEMICOLON IF LPAREN NOT ID(b) RPAREN LBRACE BOOL ID(c) BECOMES TRUE SEMICOLON RBRACE