ID(a) BECOMES DIGIT(4) SEMICOLON ID(b) BECOMES DIGIT(5) SEMICOLON