ID(x) BECOMES DIGIT(5) SEMICOLON IF LPAREN ID(x) <UNEXPECTED(>)> DIGIT(4) RPAREN LBRACE ID(x) BECOMES DIGIT(6) SEMICOLON RBRACE