INT ID(a) BECOMES DIGIT(17) SEMICOLON INT ID(b) BECOMES DIGIT(10) MULT ID(a) SEMICOLON INT ID(c) BECOMES ID(a) PLUS ID(b) SEMICOLON PRINT LPAREN ID(c) RPAREN SEMICOLON